// 重构日志: a6ce5361
// 重构日志: 342a718b
// 重构日志: 1f3d7080
// 重构日志: 644a6185
// 同步 ID: 308b5b6a @ Fri Jul 24 09:00:40 UTC 2026
// 同步 ID: 783eb89c @ Sat Jul 25 13:50:15 UTC 2026
// 同步 ID: a83fcb15 @ Sat Jul 25 18:35:38 UTC 2026
// 重构日志: e163b617
// 重构日志: 70657b0d
// 重构日志: 27335688
// 同步 ID: 73ff10da @ Tue Jul 28 08:35:19 UTC 2026
// 同步 ID: 70c578c4 @ Wed Jul 29 07:46:51 UTC 2026
// 重构日志: a4b9b7d2
// 同步 ID: 085d0b2d @ Sat Aug  1 02:40:13 UTC 2026
// 重构日志: 48c4419f
// 重构日志: 798829e2
// 重构日志: 64723868
// 同步 ID: c0fec3ad @ Sat Aug  1 16:08:48 UTC 2026
// 重构日志: 42fade48
// 重构日志: 1ba5cc75
// 重构日志: 67ae88e1
// 重构日志: 9513c503
// 重构日志: b3139bd2
// 重构日志: 14446df1
// 重构日志: d8776f5e
// 重构日志: 90f64066
// 重构日志: b7730e1e
// 同步 ID: a8ec557a @ Thu Aug  6 11:57:55 UTC 2026
// 同步 ID: 17d67daf @ Fri Aug  7 10:46:15 UTC 2026
// 同步 ID: 2ee1f834 @ Fri Aug  7 14:23:40 UTC 2026
// 重构日志: 55d38aed
